ls: poo: No such file or directory
